// Jest Snapshot v1, https://goo.gl/fbAQLP

exports[`renders correctly 1`] = `
<div
  className="sc-bcXHqe fmevvY"
>
  <div
    className="sc-eDvSVe eIvZXR"
  >
    <h1>
      Resume
    </h1>
  </div>
  <div
    className="sc-jSUZER eSwWpE"
  >
    <h1>
      Harry Collins
    </h1>
    <p>
      Hard-working and creative software engineer currently employed in the telecoms industry. 3½ years of professional experience, with focus in full-stack web development and mobile app development utilising React Native/React/NodeJS. Bachelors degree in Computer Science (BSc).
    </p>
  </div>
  <div
    className="sc-dkrFOg eDKRfJ"
  >
    <img
      alt="vodafone"
      className="sc-gswNZR gmcFCZ"
      src={Object {}}
    />
    <div
      className="sc-hLBbgP cpGQCB"
    >
      <div>
        <h1>
          Vodafone
        </h1>
        <small>
          Aug 2022 - Present
        </small>
      </div>
      <p>
        Software Engineer
      </p>
      <ul>
        <li>
          Designed architecture and led project to overhaul front end notification handling to be more reusable, and increase development speed of engineers.
        </li>
        <li>
          Built and deployed custom React components, resuable helper functions, etc.
        </li>
        <li>
          Liased with backend engineers to formaulat data structures for efficient cross-stack data handling.
        </li>
      </ul>
    </div>
  </div>
  <div
    className="sc-dkrFOg eDKRfJ"
  >
    <div
      className="sc-hLBbgP cpGQCB"
    >
      <div>
        <h1>
          giffgaff
        </h1>
        <small>
          Sept 2019 - June 2022
        </small>
      </div>
      <p>
        Software Engineer
      </p>
      <ul>
        <li>
          Designed architecture and led project to overhaul front end notification handling to be more reusable, and increase development speed of engineers.
        </li>
        <li>
          Led implementation of ‘Help and Search’ section into giffgaff mobile application, featuring live chat (React Native,Typescript, Redux, GraphQL).
        </li>
        <li>
          Built and monitored NodeJS service to serve React components, utilising Hypernova (Javascript).
        </li>
        <li>
          Assisted in the building, improvement and technology-wide uptake of React component library (including Jest unit testing, Storybook).
        </li>
        <li>
          Communicated with and managed expectations of stakeholders while working in agile environment, and delivering iterative improvements to products.
        </li>
      </ul>
    </div>
    <img
      alt="giffgaff"
      className="sc-gswNZR gmcFCZ"
      src={Object {}}
    />
  </div>
</div>
`;
