// Jest Snapshot v1, https://goo.gl/fbAQLP

exports[`renders correctly 1`] = `
<div
  className="sc-bcXHqe kEQVfj"
>
  <div
    aria-roledescription="carousel"
    dir="ltr"
  >
    <div
      className="react-slideshow-container"
      onMouseDown={[Function]}
      onMouseEnter={[Function]}
      onMouseLeave={[Function]}
      onMouseMove={[Function]}
      onMouseOver={[Function]}
      onMouseUp={[Function]}
      onTouchCancel={[Function]}
      onTouchEnd={[Function]}
      onTouchMove={[Function]}
      onTouchStart={[Function]}
    >
      <div
        className="react-slideshow-wrapper slide "
      >
        <div
          className="images-wrap"
          style={
            Object {
              "transform": "translate(-0px)",
            }
          }
        />
      </div>
    </div>
  </div>
</div>
`;
