// Jest Snapshot v1, https://goo.gl/fbAQLP

exports[`renders correctly 1`] = `
<div
  className="sc-bcXHqe fmevvY"
>
  <div
    className="sc-gswNZR ctIwjQ"
  >
    <h1>
      Hey, I'm Harry!
    </h1>
    <div>
      <p>
        I'm a 24 year old software engineer based in London.
      </p>
      <p>
        I'm interested in roles that align with my values and come with a challenge. Here you'll find a bit about my work, and about me as a person.
      </p>
    </div>
  </div>
  <div
    style={
      Object {
        "backgroundColor": "#e8b454",
        "minHeight": "25vh",
        "width": "100%",
      }
    }
  />
</div>
`;
