// Jest Snapshot v1, https://goo.gl/fbAQLP

exports[`renders correctly 1`] = `
<div
  className="sc-bcXHqe iifPED"
>
  <div
    className="sc-jSUZER julnjM"
  >
    <h2
      className="sc-dkrFOg dkCkOc"
    />
    <p
      className="sc-hLBbgP kHGjwC"
    />
    <small
      className="sc-eDvSVe naXBw"
    />
    <div
      className="sc-gKPRtg ikSGTb"
    />
  </div>
</div>
`;
