// Jest Snapshot v1, https://goo.gl/fbAQLP

exports[`renders correctly 1`] = `
<div
  className="sc-gswNZR bYjodk"
>
  <div
    className="sc-bcXHqe jrgphz"
  >
    <div
      className="sc-dkrFOg dXyzdQ"
    >
      <div
        className="sc-hLBbgP bOGyJC"
        color="#c1e9ff"
      >
        <h1>
          ABOUT
        </h1>
      </div>
    </div>
  </div>
</div>
`;
