// Jest Snapshot v1, https://goo.gl/fbAQLP

exports[`renders correctly 1`] = `
<div
  className="sc-gswNZR bYjodk"
>
  <div
    className="sc-bcXHqe jcsVHA"
  >
    <h1>
      About
    </h1>
  </div>
  <div
    className="sc-dkrFOg jrythW"
  >
    <div>
      <p>
        Coming soon...
      </p>
    </div>
  </div>
</div>
`;
