// Jest Snapshot v1, https://goo.gl/fbAQLP

exports[`renders correctly 1`] = `
<div
  className="sc-dIfARi fbQUER"
>
  <div
    style={
      Object {
        "display": "flex",
        "flexDirection": "column",
        "width": "100%",
      }
    }
  >
    <div
      className="sc-hHTYSt ewANav"
    >
      <div
        className="sc-dmctIk cNikMg"
      >
        <div
          className="sc-kgTSHT cMfxcR"
          onClick={[Function]}
        >
          All
        </div>
        <div
          className="sc-kgTSHT kGkSDB"
          onClick={[Function]}
        >
          Resume
        </div>
        <div
          className="sc-kgTSHT kGkSDB"
          onClick={[Function]}
        >
          About
        </div>
        <div
          className="sc-kgTSHT kGkSDB"
          onClick={[Function]}
        >
          Projects
        </div>
      </div>
    </div>
    <div
      className="sc-fLcnxK cNyisc"
    >
      <div
        className="sc-bcXHqe eimxqs"
      >
        <div
          className="sc-gswNZR iuRrXo"
        >
          <div
            className="sc-dkrFOg beUrbd"
          >
            <div
              aria-roledescription="carousel"
              dir="ltr"
            >
              <div
                className="react-slideshow-container"
                onMouseDown={[Function]}
                onMouseEnter={[Function]}
                onMouseLeave={[Function]}
                onMouseMove={[Function]}
                onMouseOver={[Function]}
                onMouseUp={[Function]}
                onTouchCancel={[Function]}
                onTouchEnd={[Function]}
                onTouchMove={[Function]}
                onTouchStart={[Function]}
              >
                <div
                  className="react-slideshow-wrapper slide "
                >
                  <div
                    className="images-wrap"
                    style={
                      Object {
                        "transform": "translate(-0px)",
                      }
                    }
                  >
                    <div
                      aria-hidden="true"
                      aria-roledescription="slide"
                      data-index={-1}
                    >
                      <div
                        className="each-slide"
                      >
                        <img
                          alt="sliding"
                          className="sc-ksBlkl iTZeRe"
                          src={Object {}}
                        />
                      </div>
                    </div>
                    <div
                      aria-hidden="false"
                      aria-roledescription="slide"
                      className="active"
                      data-index={0}
                    >
                      <div
                        className="each-slide"
                      >
                        <img
                          alt="sliding"
                          className="sc-ksBlkl iTZeRe"
                          src={Object {}}
                        />
                      </div>
                    </div>
                    <div
                      aria-hidden="true"
                      aria-roledescription="slide"
                      className=""
                      data-index={1}
                    >
                      <div
                        className="each-slide"
                      >
                        <img
                          alt="sliding"
                          className="sc-ksBlkl iTZeRe"
                          src={Object {}}
                        />
                      </div>
                    </div>
                    <div
                      aria-hidden="true"
                      aria-roledescription="slide"
                      className=""
                      data-index={2}
                    >
                      <div
                        className="each-slide"
                      >
                        <img
                          alt="sliding"
                          className="sc-ksBlkl iTZeRe"
                          src={Object {}}
                        />
                      </div>
                    </div>
                    <div
                      aria-hidden="true"
                      aria-roledescription="slide"
                      data-index={3}
                    >
                      <div
                        className="each-slide"
                      >
                        <img
                          alt="sliding"
                          className="sc-ksBlkl iTZeRe"
                          src={Object {}}
                        />
                      </div>
                    </div>
                  </div>
                </div>
              </div>
            </div>
          </div>
          <div
            className="sc-dkrFOg dRJxC"
          >
            <div
              className="sc-csuSiG hCzevf"
              color="#d0d0d0"
            >
              <h1>
                HARRY COLLINS
              </h1>
            </div>
          </div>
          <div
            className="sc-dkrFOg kUHmoK"
          >
            <div
              className="sc-gKPRtg fCGSKY"
            >
              <div
                className="sc-kDvujY dxZBBg"
              >
                <strong>
                  <h2
                    style={
                      Object {
                        "color": "grey",
                        "marginTop": 0,
                      }
                    }
                  >
                    👨🏻‍💻 Age
                  </h2>
                </strong>
                <div
                  className="sc-pyfCe jYvaer"
                >
                  <p
                    className="sc-jrcTuL bBXktZ"
                    style={
                      Object {
                        "margin": 0,
                        "marginTop": "5px",
                      }
                    }
                  >
                    24
                  </p>
                </div>
              </div>
              <div
                className="sc-kDvujY dxZBBg"
              >
                <strong>
                  <h2
                    style={
                      Object {
                        "color": "grey",
                        "marginTop": 0,
                      }
                    }
                  >
                    📍 Location
                  </h2>
                </strong>
                <div
                  className="sc-pyfCe jYvaer"
                >
                  <p
                    className="sc-jrcTuL bBXktZ"
                    style={
                      Object {
                        "margin": 0,
                        "marginTop": "5px",
                      }
                    }
                  >
                    London, UK
                  </p>
                </div>
              </div>
              <div
                className="sc-kDvujY dxZBBg"
              >
                <strong>
                  <h2
                    style={
                      Object {
                        "color": "grey",
                        "marginTop": 0,
                      }
                    }
                  >
                    ⛹🏻‍♂️ Interests
                  </h2>
                </strong>
                <div
                  className="sc-pyfCe jYvaer"
                >
                  <p
                    className="sc-jrcTuL bBXktZ"
                    style={
                      Object {
                        "margin": 0,
                        "marginTop": "5px",
                      }
                    }
                  >
                    Music
                  </p>
                  <p
                    className="sc-jrcTuL bBXktZ"
                    style={
                      Object {
                        "margin": 0,
                        "marginTop": "5px",
                      }
                    }
                  >
                    Basketball
                  </p>
                  <p
                    className="sc-jrcTuL bBXktZ"
                    style={
                      Object {
                        "margin": 0,
                        "marginTop": "5px",
                      }
                    }
                  >
                    Travelling
                  </p>
                  <p
                    className="sc-jrcTuL bBXktZ"
                    style={
                      Object {
                        "margin": 0,
                        "marginTop": "5px",
                      }
                    }
                  >
                    Fitness
                  </p>
                  <p
                    className="sc-jrcTuL bBXktZ"
                    style={
                      Object {
                        "margin": 0,
                        "marginTop": "5px",
                      }
                    }
                  >
                    Food (Pasta)
                  </p>
                </div>
              </div>
            </div>
            <div
              className="sc-iBYQkv jJHjWY"
            />
          </div>
          <div
            className="sc-dkrFOg jaQSBE"
          />
          <div
            className="sc-dkrFOg hECYgN"
          />
          <div
            className="sc-dkrFOg hECYgN"
          />
          <div
            className="sc-dkrFOg jaQSBE"
          />
          <div
            className="sc-dkrFOg jPCCaQ"
            onClick={[Function]}
          />
          <div
            className="sc-dkrFOg jPCCaQ"
            onClick={[Function]}
          />
          <div
            className="sc-dkrFOg jPCCaQ"
            onClick={[Function]}
          />
        </div>
      </div>
    </div>
  </div>
</div>
`;
